// Jest Snapshot v1, https://goo.gl/fbAQLP

exports[`Loader component matches snapshot when loader is not visible 1`] = `<DocumentFragment />`;

exports[`Loader component matches snapshot when loader is visible 1`] = `
<DocumentFragment>
  <div
    class="sc-bdnyFh ispqzj"
  >
    <picture>
      <img
        alt="noah logo loader"
        src="test-file-stub"
      />
    </picture>
  </div>
</DocumentFragment>
`;
