// Jest Snapshot v1, https://goo.gl/fbAQLP

exports[`Text Input Component matches snapshot when given props 1`] = `
<DocumentFragment>
  <div
    class="sc-bdnyFh hxIJRe"
  >
    <label
      class="sc-gtsqUy iUCbTq"
      readonly=""
    >
      Email Address
    </label>
    <div
      class="sc-dlniIP jcmohT"
    >
      <p
        class="MuiTypography-root MuiTypography-body2 sc-eCAqax fJJTNW css-e784if-MuiTypography-root"
      >
        example@email.com
      </p>
    </div>
    <p
      class="MuiTypography-root MuiTypography-body2 sc-jSFipO lhIbVb css-e784if-MuiTypography-root"
    >
      An error occurred
    </p>
  </div>
</DocumentFragment>
`;
