// Jest Snapshot v1, https://goo.gl/fbAQLP

exports[`Tooltip Component matches snapshot when tooltip is not visible 1`] = `
<DocumentFragment>
  <div
    data-testid="mock-tooltip"
    role="tooltip"
  >
    <div>
      Child Element
    </div>
    <div
      data-testid="mock-tooltip-title"
      style="display: none;"
    >
      Tooltip Title
    </div>
  </div>
</DocumentFragment>
`;

exports[`Tooltip Component matches snapshot when tooltip is not visible 2`] = `
<DocumentFragment>
  <div
    data-testid="mock-tooltip"
    role="tooltip"
  >
    <div>
      Child Element
    </div>
    <div
      data-testid="mock-tooltip-title"
      style="display: none;"
    >
      Tooltip Title
    </div>
  </div>
</DocumentFragment>
`;

exports[`Tooltip Component matches snapshot when tooltip is visible 1`] = `
<DocumentFragment>
  <div
    data-testid="mock-tooltip"
    role="tooltip"
  >
    <div>
      Child Element
    </div>
    <div
      data-testid="mock-tooltip-title"
      style="display: none;"
    >
      Tooltip Title
    </div>
  </div>
</DocumentFragment>
`;

exports[`Tooltip Component matches snapshot when tooltip is visible 2`] = `
<DocumentFragment>
  <div
    data-testid="mock-tooltip"
    role="tooltip"
  >
    <div>
      Child Element
    </div>
    <div
      data-testid="mock-tooltip-title"
      style="display: none;"
    >
      Tooltip Title
    </div>
  </div>
</DocumentFragment>
`;
